cargo :    Compiling aura-core v0.1.0 (C:\Users\danie\Documents\code\lang\aura-core)
At line:1 char:1
+ cargo build 2>&1 > build_output.txt ; Get-Content build_output.txt |  ...
+ ~~~~~~~~~~~~~~~~~~~~~~~~~~~~~~~~~~~
    + CategoryInfo          : NotSpecified: (   Compiling au...lang\aura-core):String) [], RemoteException
    + FullyQualifiedErrorId : NativeCommandError
 
   Compiling aura-pkg v1.0.0 (C:\Users\danie\Documents\code\lang\aura-pkg)
warning: unused import: `BTreeMap`
 --> aura-backend-llvm\src\pattern_lowering.rs:8:24
  |
8 | use std::collections::{BTreeMap, BTreeSet};
  |                        ^^^^^^^^
  |
  = note: `#[warn(unused_imports)]` (part of `#[warn(unused)]`) on by default

warning: unused variable: `map`
   --> aura-backend-llvm\src\debugger.rs:106:25
    |
106 |         for (file_path, map) in &self.line_maps {
    |                         ^^^ help: if this is intentional, prefix it with an underscore: `_map`
    |
    = note: `#[warn(unused_variables)]` (part of `#[warn(unused)]`) on by default

warning: unused variable: `breakpoint_id`
   --> aura-backend-llvm\src\debugger.rs:186:42
    |
186 |     pub fn stop_at_breakpoint(&mut self, breakpoint_id: u64) {
    |                                          ^^^^^^^^^^^^^ help: if this is intentional, prefix it with an underscore: `_breakpoint_id`

   Compiling aura-ai-opt v0.2.0 (C:\Users\danie\Documents\code\lang\aura-ai-opt)
warning: `aura-backend-llvm` (lib) generated 3 warnings (run `cargo fix --lib -p aura-backend-llvm` to apply 3 suggestions)
warning: unused doc comment
  --> aura-rt-native\src\allocator.rs:16:1
   |
16 | /// Global allocation statistics.
   | ^^^^^^^^^^^^^^^^^^^^^^^^^^^^^^^^^ rustdoc does not generate documentation for macro invocations
   |
   = help: to document an item produced by a macro, the macro must produce the documentation as part of its expansion
   = note: `#[warn(unused_doc_comments)]` (part of `#[warn(unused)]`) on by default

warning: unused import: `HashSet`
  --> aura-rt-native\src\allocator.rs:14:33
   |
14 | use std::collections::{HashMap, HashSet};
   |                                 ^^^^^^^
   |
   = note: `#[warn(unused_imports)]` (part of `#[warn(unused)]`) on by default

warning: field `generation` is never read
  --> aura-rt-native\src\allocator.rs:35:5
   |
31 | struct ObjectMetadata {
   |        -------------- field in this struct
...
35 |     generation: u8,
   |     ^^^^^^^^^^
   |
   = note: `ObjectMetadata` has derived impls for the traits `Debug` and `Clone`, but these are intentionally ignored during dead code analysis
   = note: `#[warn(dead_code)]` (part of `#[warn(unused)]`) on by default

warning: `aura-rt-native` (lib) generated 3 warnings (run `cargo fix --lib -p aura-rt-native` to apply 1 suggestion)
error[E0503]: cannot use `self.current_line` because it was mutably borrowed
   --> aura-core\src\ownership_enforcement.rs:331:30
    |
326 |         if let Some(binding) = self.find_binding_mut(name) {
    |                                ---- `*self` is borrowed here
...
331 |                     at_line: self.current_line,
    |                              ^^^^^^^^^^^^^^^^^ use of borrowed `*self`
332 |                     at_col: self.current_col,
333 |                     moved_at_line: binding.moved_at_line,
    |                                    --------------------- borrow later used here

error[E0503]: cannot use `self.current_col` because it was mutably borrowed
   --> aura-core\src\ownership_enforcement.rs:332:29
    |
326 |         if let Some(binding) = self.find_binding_mut(name) {
    |                                ---- `*self` is borrowed here
...
332 |                     at_col: self.current_col,
    |                             ^^^^^^^^^^^^^^^^ use of borrowed `*self`
333 |                     moved_at_line: binding.moved_at_line,
    |                                    --------------------- borrow later used here

error[E0503]: cannot use `self.current_line` because it was mutably borrowed
   --> aura-core\src\ownership_enforcement.rs:367:30
    |
362 |         if let Some(binding) = self.find_binding_mut(name) {
    |                                ---- `*self` is borrowed here
...
367 |                     at_line: self.current_line,
    |                              ^^^^^^^^^^^^^^^^^ use of borrowed `*self`
368 |                     at_col: self.current_col,
369 |                     moved_at_line: binding.moved_at_line,
    |                                    --------------------- borrow later used here

error[E0503]: cannot use `self.current_col` because it was mutably borrowed
   --> aura-core\src\ownership_enforcement.rs:368:29
    |
362 |         if let Some(binding) = self.find_binding_mut(name) {
    |                                ---- `*self` is borrowed here
...
368 |                     at_col: self.current_col,
    |                             ^^^^^^^^^^^^^^^^ use of borrowed `*self`
369 |                     moved_at_line: binding.moved_at_line,
    |                                    --------------------- borrow later used here

error[E0596]: cannot borrow `*ownership` as mutable, as it is behind a `&` reference
   --> aura-core\src\move_tracking.rs:153:26
    |
153 |         let unconsumed = ownership.check_linear_resources_consumed();
    |                          ^^^^^^^^^ `ownership` is a `&` reference, so the data it refers to cannot be borrowed as mutable
    |
help: consider changing this to be a mutable reference
    |
152 |     pub fn check_linear_consumed(ownership: &mut OwnershipContext) -> Result<(), Vec<String>> {
    |                                              +++

warning: variable does not need to be mutable
  --> aura-core\src\control_flow.rs:66:21
   |
66 |                 let mut true_branch = ControlFlowPath {
   |                     ----^^^^^^^^^^^
   |                     |
   |                     help: remove this `mut`
   |
   = note: `#[warn(unused_mut)]` (part of `#[warn(unused)]`) on by default

error[E0004]: non-exhaustive patterns: `(Some(&ownership_enforcement::OwnershipState::Owned), 
Some(&ownership_enforcement::OwnershipState::Owned))`, `(Some(&ownership_enforcement::OwnershipState::Owned), 
Some(&ownership_enforcement::OwnershipState::BorrowedImmut))`, `(Some(&ownership_enforcement::OwnershipState::Owned), 
Some(&ownership_enforcement::OwnershipState::BorrowedMut))` and 13 more not covered
   --> aura-core\src\control_flow.rs:268:19
    |
268 |             match (then_state, else_state) {
    |                   ^^^^^^^^^^^^^^^^^^^^^^^^ patterns `(Some(&ownership_enforcement::OwnershipState::Owned), 
Some(&ownership_enforcement::OwnershipState::Owned))`, `(Some(&ownership_enforcement::OwnershipState::Owned), 
Some(&ownership_enforcement::OwnershipState::BorrowedImmut))`, `(Some(&ownership_enforcement::OwnershipState::Owned), 
Some(&ownership_enforcement::OwnershipState::BorrowedMut))` and 13 more not covered
    |
    = note: the matched value is of type `(Option<&ownership_enforcement::OwnershipState>, Option<&ownership_enforcement::OwnershipState>)`
help: ensure that all possible cases are being handled by adding a match arm with a wildcard pattern as shown, or multiple match arms
    |
288 ~                 (None, None) => {},
289 +                 _ => todo!()
    |

warning: unused variable: `scrutinee`
   --> aura-core\src\control_flow.rs:297:9
    |
297 |         scrutinee: &str,
    |         ^^^^^^^^^ help: if this is intentional, prefix it with an underscore: `_scrutinee`
    |
    = note: `#[warn(unused_variables)]` (part of `#[warn(unused)]`) on by default

warning: unused variable: `borrowed_params`
   --> aura-core\src\function_signature.rs:167:9
    |
167 |         borrowed_params: &[&str],
    |         ^^^^^^^^^^^^^^^ help: if this is intentional, prefix it with an underscore: `_borrowed_params`

Some errors have detailed explanations: E0004, E0503, E0596.
For more information about an error, try `rustc --explain E0004`.
warning: `aura-core` (lib) generated 3 warnings
error: could not compile `aura-core` (lib) due to 6 previous errors; 3 warnings emitted
warning: build failed, waiting for other jobs to finish...
warning: field `allowed_file_extensions` is never read
   --> aura-pkg\src\security.rs:187:5
    |
185 | pub struct SecurityValidator {
    |            ----------------- field in this struct
186 |     max_package_size: u64,
187 |     allowed_file_extensions: HashSet<String>,
    |     ^^^^^^^^^^^^^^^^^^^^^^^
    |
    = note: `SecurityValidator` has a derived impl for the trait `Debug`, but this is intentionally ignored during dead code analysis
    = note: `#[warn(dead_code)]` (part of `#[warn(unused)]`) on by default

warning: `aura-pkg` (lib) generated 1 warning
